

HI-TECH Software PICC-18 Macro Assembler V8.35PL3
Serial number: HCPIC18-15668                           Wed Jun 15 13:32:23 2005

Licensed to: DESIGNREM LTD
     1                           	processor	18F4550
     2                           	opt	pw 80
     3                           	psect	__Z15668RS_,global,delta=1
     4                           	psect	text,global,reloc=2,class=CODE,delta=1
     5                           	psect	intsave_regs,global,class=BIGRAM,space=1,
      +                          delta=1
     6  000000                     
     7  000000                     
     8  000000                     
     9  000000                     
    10  000000                     
    11  000000                     
    12  000000                     
    13  000000                     
    14  000000                     
    15  000000                     
    16  000000                     
    17  000000                     
    18  000000                     
    19  000000                     
    20  000000                     
    21  000000                     
    22  000000                     
    23  000000                     
    24  000000                     
    25  000000                     
    26  000000                     
    27  000000                     
    28  000000                     
    29  000000                     
    30  000000                     
    31  000000                     
    32  000000                     
    33  000000                     
    34  000000                     
    35  000000                     
    36  000000                     
    37  000000                     
    38  000000                     
    39  000000                     
    40  000000                     
    41  000000                     
    42  000000                     
    43  000000                     
    44  000000                     
    45  000000                     
    46  000000                     
    47  000000                     
    48  000000                     
    49  000000                     
    50  000000                     
    51  000000                     
    52  000000                     
    53  000000                     
    54  000000                     
    55  000000                     
    56  000000                     
    57  000000                     
    58  000000                     
    59  000000                     
    60  000000                     
    61  000000                     
    62  000000                     
    63  000000                     
    64  000000                     
    65  000000                     
    66  000000                     
    67  000000                     
    68  000000                     
    69  000000                     
    70  000000                     
    71  000000                     
    72  000000                     
    73  000000                     
    74  000000                     
    75  000000                     
    76  000000                     
    77  000000                     
    78  000000                     
    79  000000                     
    80  000000                     
    81  000000                     
    82  000000                     
    83  000000                     
    84  000000                     
    85  000000                     
    86  000000                     
    87  000000                     
    88  000000                     
    89  000000                     
    90  000000                     
    91  000000                     
    92  000000                     
    93  000000                     
    94  000000                     
    95                           
    96                           	psect	__Z15668RS_
    97  000004                     
    98  000000                     _putsUSART$in	set	?_putsUSART
    99  000004                     
   100                           
   101                           	psect	text
   102  0010E2  00FC               	dw	?_putsUSART
   103  0010E4                     _putsUSART:
   104  000000                     
   105                           ; _in loaded to fsr1
   106  0010E4  C0FC  FFE1         	movff	?_putsUSART,fsr1l
   107  0010E8  C0FD  FFE2         	movff	?_putsUSART+1,fsr1h
   108                           ;usart.c: 8: while (*in)
   109  0010EC                     l40:
   110                           ;usart.c: 12: }
   111  0010EC  50E7               	movf	indf1,w,c
   112  0010EE  B4D8               	btfsc	status,2,c
   113  0010F0  0012               	return	
   114                           ;usart.c: 9: {
   115  0010F2                     l44:
   116  0010F2  A89E               	btfss	3998,4,c	;volatile
   117  0010F4  D7FE               	goto	l44
   118                           ;usart.c: 11: TXREG =*in++;
   119  0010F6  CFE6 FFAD          	movff	postinc1,4013	;volatile
   120  0010FA  D7F8               	goto	l40
   121                           indf1	equ	0xFE7
   122                           postinc1	equ	0xFE6
   123                           fsr1h	equ	0xFE2
   124                           fsr1l	equ	0xFE1
   125                           status	equ	0xFD8


HI-TECH Software PICC-18 Macro Assembler V8.35PL3
Symbol Table                                           Wed Jun 15 13:32:23 2005

          l40 10EC            l44 10F2          indf1 000FE7  
        fsr1l 000FE1         status 000FD8       __Lparam 00FC  
     __ramtop 0400     _putsUSART 10E4    ?_putsUSART 00FC  
     postinc1 000FE6  
