

HI-TECH Software PICC-18 Macro Assembler V8.35PL3
Serial number: HCPIC18-15668                           Wed Jun 15 13:32:23 2005

Licensed to: DESIGNREM LTD
     1                           	processor	18F4550
     2                           	opt	pw 80
     3                           	psect	__Z15668RS_,global,delta=1
     4                           	psect	const,global,class=CODE,delta=1
     5                           	psect	text,global,reloc=2,class=CODE,delta=1
     6                           	psect	bigbss,global,class=BIGRAM,space=1,delta=
      +                          1
     7                           	psect	bss,global,class=RAM,space=1,delta=1
     8                           	psect	temp,global,ovrld,common,class=COMRAM,spa
      +                          ce=1,delta=1
     9                           	psect	intsave_regs,global,class=BIGRAM,space=1,
      +                          delta=1
    10  000000                     
    11  000000                     
    12  000000                     
    13  000000                     
    14  000000                     
    15  000000                     
    16  000000                     
    17  000000                     
    18  000000                     
    19  000000                     
    20  000000                     
    21  000000                     
    22  000000                     
    23  000000                     
    24  000000                     
    25  000000                     
    26  000000                     
    27  000000                     
    28  000000                     
    29  000000                     
    30  000000                     
    31  000000                     
    32  000000                     
    33  000000                     
    34  000000                     
    35  000000                     
    36  000000                     
    37  000000                     
    38  000000                     
    39  000000                     
    40  000000                     
    41  000000                     
    42  000000                     
    43  000000                     
    44  000000                     
    45  000000                     
    46  000000                     
    47  000000                     
    48  000000                     
    49  000000                     
    50  000000                     
    51  000000                     
    52  000000                     
    53  000000                     
    54  000000                     
    55  000000                     
    56  000000                     
    57  000000                     
    58  000000                     
    59  000000                     
    60  000000                     
    61  000000                     
    62  000000                     
    63  000000                     
    64  000000                     
    65  000000                     
    66  000000                     
    67  000000                     
    68  000000                     
    69  000000                     
    70  000000                     
    71  000000                     
    72  000000                     
    73  000000                     
    74  000000                     
    75  000000                     
    76  000000                     
    77  000000                     
    78  000000                     
    79  000000                     
    80  000000                     
    81  000000                     
    82  000000                     
    83  000000                     
    84  000000                     
    85  000000                     
    86  000000                     
    87  000000                     
    88  000000                     
    89  000000                     
    90  000000                     
    91  000000                     
    92  000000                     
    93  000000                     
    94  000000                     
    95  000000                     
    96  000000                     
    97  000000                     
    98  000000                     
    99                           
   100                           	psect	__Z15668RS_
   101  000004                     
   102  000004                     
   103                           
   104                           	psect	const
   105  0004CD                     _welcome:
   106  0004CD  50                 	db	80
   107  0004CE  49                 	db	73
   108  0004CF  43                 	db	67
   109  0004D0  31                 	db	49
   110  0004D1  38                 	db	56
   111  0004D2  46                 	db	70
   112  0004D3  34                 	db	52
   113  0004D4  35                 	db	53
   114  0004D5  35                 	db	53
   115  0004D6  30                 	db	48
   116  0004D7  20                 	db	32
   117  0004D8  46                 	db	70
   118  0004D9  75                 	db	117
   119  0004DA  6C                 	db	108
   120  0004DB  6C                 	db	108
   121  0004DC  2D                 	db	45
   122  0004DD  53                 	db	83
   123  0004DE  70                 	db	112
   124  0004DF  65                 	db	101
   125  0004E0  65                 	db	101
   126  0004E1  64                 	db	100
   127  0004E2  20                 	db	32
   128  0004E3  55                 	db	85
   129  0004E4  53                 	db	83
   130  0004E5  42                 	db	66
   131  0004E6  20                 	db	32
   132  0004E7  2D                 	db	45
   133  0004E8  20                 	db	32
   134  0004E9  43                 	db	67
   135  0004EA  44                 	db	68
   136  0004EB  43                 	db	67
   137  0004EC  20                 	db	32
   138  0004ED  52                 	db	82
   139  0004EE  53                 	db	83
   140  0004EF  2D                 	db	45
   141  0004F0  32                 	db	50
   142  0004F1  33                 	db	51
   143  0004F2  32                 	db	50
   144  0004F3  20                 	db	32
   145  0004F4  45                 	db	69
   146  0004F5  6D                 	db	109
   147  0004F6  75                 	db	117
   148  0004F7  6C                 	db	108
   149  0004F8  61                 	db	97
   150  0004F9  74                 	db	116
   151  0004FA  69                 	db	105
   152  0004FB  6F                 	db	111
   153  0004FC  6E                 	db	110
   154  0004FD  20                 	db	32
   155  0004FE  44                 	db	68
   156  0004FF  65                 	db	101
   157  000500  6D                 	db	109
   158  000501  6F                 	db	111
   159  000502  0D                 	db	13
   160  000503  0A                 	db	10
   161  000504  0D                 	db	13
   162  000505  0A                 	db	10
   163  000506  00                 	db	0
   164  000507                     _ansi_clrscr:
   165  000507  1B                 	db	27
   166  000508  5B                 	db	91
   167  000509  32                 	db	50
   168  00050A  4A                 	db	74
   169  00050B  00                 	db	0
   170                           ;user.c: 214: const char ex02_string[]={"Type in
      +                           a string here.\r\n"};
   171  00050C                     _ex02_string:
   172  00050C  54                 	db	84
   173  00050D  79                 	db	121
   174  00050E  70                 	db	112
   175  00050F  65                 	db	101
   176  000510  20                 	db	32
   177  000511  69                 	db	105
   178  000512  6E                 	db	110
   179  000513  20                 	db	32
   180  000514  61                 	db	97
   181  000515  20                 	db	32
   182  000516  73                 	db	115
   183  000517  74                 	db	116
   184  000518  72                 	db	114
   185  000519  69                 	db	105
   186  00051A  6E                 	db	110
   187  00051B  67                 	db	103
   188  00051C  20                 	db	32
   189  00051D  68                 	db	104
   190  00051E  65                 	db	101
   191  00051F  72                 	db	114
   192  000520  65                 	db	101
   193  000521  2E                 	db	46
   194  000522  0D                 	db	13
   195  000523  0A                 	db	10
   196  000524  00                 	db	0
   197  000525                     u29:
   198  000525  5B                 	db	91	;'['
   199  000526  61                 	db	97	;'a'
   200  000527  6C                 	db	108	;'l'
   201  000528  69                 	db	105	;'i'
   202  000529  76                 	db	118	;'v'
   203  00052A  65                 	db	101	;'e'
   204  00052B  5D                 	db	93	;']'
   205  00052C  00                 	db	0
   206  00052D                     u19:
   207  00052D  0D                 	db	13
   208  00052E  4D                 	db	77	;'M'
   209  00052F  69                 	db	105	;'i'
   210  000530  63                 	db	99	;'c'
   211  000531  72                 	db	114	;'r'
   212  000532  6F                 	db	111	;'o'
   213  000533  63                 	db	99	;'c'
   214  000534  68                 	db	104	;'h'
   215  000535  69                 	db	105	;'i'
   216  000536  70                 	db	112	;'p'
   217  000537  20                 	db	32
   218  000538  54                 	db	84	;'T'
   219  000539  65                 	db	101	;'e'
   220  00053A  63                 	db	99	;'c'
   221  00053B  68                 	db	104	;'h'
   222  00053C  6E                 	db	110	;'n'
   223  00053D  6F                 	db	111	;'o'
   224  00053E  6C                 	db	108	;'l'
   225  00053F  6F                 	db	111	;'o'
   226  000540  67                 	db	103	;'g'
   227  000541  79                 	db	121	;'y'
   228  000542  20                 	db	32
   229  000543  49                 	db	73	;'I'
   230  000544  6E                 	db	110	;'n'
   231  000545  63                 	db	99	;'c'
   232  000546  2E                 	db	46
   233  000547  2C                 	db	44
   234  000548  20                 	db	32
   235  000549  32                 	db	50	;'2'
   236  00054A  30                 	db	48	;'0'
   237  00054B  30                 	db	48	;'0'
   238  00054C  34                 	db	52	;'4'
   239  00054D  0D                 	db	13
   240  00054E  0A                 	db	10
   241  00054F  00                 	db	0
   242  000000                     
   243  000000                     
   244  000000                     
   245  000000                     
   246  000000                     
   247  000000                     
   248  000000                     
   249  000000                     
   250  000000                     
   251  000000                     
   252  000000                     
   253  000000                     
   254  000000                     
   255  000000                     
   256  000000                     
   257  000000                     
   258  000000                     
   259  000000                     
   260  000000                     
   261  000000                     
   262  000000                     
   263  000000                     
   264  000000                     
   265  000000                     
   266  000000                     
   267  000000                     
   268  000000                     
   269  000000                     
   270  000000                     
   271  000000                     
   272  000000                     
   273  000000                     
   274  000000                     
   275  000000                     
   276  000000                     
   277  000000                     
   278  000000                     
   279  000000                     
   280  000000                     
   281  000000                     
   282  000000                     
   283  000000                     
   284  000000                     
   285  000000                     
   286  000000                     
   287  000000                     
   288  000000                     
   289  000000                     
   290  000000                     
   291  000000                     
   292  000000                     
   293  000000                     
   294  000000                     
   295  000000                     
   296  000000                     
   297  000000                     
   298  000000                     
   299  000000                     
   300  000000                     
   301  000000                     
   302  000000                     
   303  000000                     
   304  000000                     
   305  000000                     
   306  000000                     
   307  000000                     
   308  000000                     
   309  000000                     
   310  000000                     
   311  000000                     
   312  000000                     
   313  000000                     
   314  000000                     
   315  000000                     
   316  000000                     
   317  000000                     
   318  000000                     
   319  000000                     
   320  000000                     
   321  000000                     
   322  000000                     
   323  000000                     
   324  000000                     
   325  000000                     
   326  000000                     
   327  000000                     
   328  000000                     
   329  000000                     
   330  000000                     
   331  000000                     
   332  000000                     
   333  000000                     
   334  000000                     
   335  000000                     
   336  000000                     
   337  000000                     
   338  000000                     
   339  000000                     
   340  000000                     
   341  000000                     
   342  000000                     
   343  000000                     
   344  000000                     
   345  000000                     
   346  000000                     
   347  000000                     
   348  000000                     
   349  000000                     
   350  000000                     
   351  000000                     
   352  000000                     
   353  000000                     
   354  000000                     
   355  000000                     
   356  000000                     
   357  000000                     
   358  000000                     
   359  000000                     
   360  000000                     
   361  000000                     
   362  000000                     
   363  000000                     
   364  000000                     
   365  000000                     
   366  000000                     
   367  000000                     
   368  000000                     
   369  000000                     
   370  000000                     
   371  000000                     
   372  000000                     
   373  000000                     
   374  000000                     
   375  000000                     
   376  000000                     
   377  000000                     
   378  000000                     
   379  000000                     
   380  000000                     
   381  000000                     
   382  000000                     
   383  000000                     
   384  000000                     
   385  000000                     
   386  000000                     
   387  000000                     
   388  000000                     
   389  000000                     
   390  000000                     
   391  000000                     
   392  000000                     
   393  000000                     
   394  000000                     
   395  000000                     
   396  000000                     
   397  000000                     
   398  000000                     
   399  000000                     
   400  000000                     
   401  000000                     
   402  000000                     
   403  000000                     
   404  000000                     
   405  000000                     
   406  000000                     
   407  000000                     
   408  000000                     
   409  000000                     
   410  000000                     
   411  000000                     
   412  000000                     
   413  000000                     
   414  000000                     
   415  000000                     
   416  000000                     
   417  000000                     
   418  000000                     
   419  000000                     
   420  000000                     
   421  000000                     
   422  000000                     
   423  000000                     
   424  000000                     
   425  000000                     
   426  000000                     
   427  000000                     
   428  000000                     
   429  000000                     
   430  000000                     
   431  000000                     
   432  000000                     
   433  000000                     
   434  000000                     
   435  000000                     
   436  000000                     
   437  000000                     
   438  000000                     
   439  000000                     
   440  000000                     
   441  000000                     
   442  000000                     
   443  000000                     
   444  000000                     
   445  000000                     
   446  000000                     
   447  000000                     
   448  000000                     
   449  000000                     
   450  000000                     
   451  000000                     
   452  000000                     
   453  000000                     
   454  000000                     
   455  000000                     
   456  000000                     
   457  000000                     
   458  000000                     
   459  000000                     
   460  000000                     
   461  000000                     
   462  000000                     
   463  000000                     
   464  000000                     
   465  000000                     
   466  000000                     
   467  000000                     
   468  000000                     
   469  000000                     
   470  000000                     
   471  000000                     
   472  000000                     
   473  000000                     
   474  000000                     
   475  000000                     
   476  000000                     
   477  000000                     
   478  000000                     
   479  000000                     
   480  000000                     
   481  000000                     
   482  000000                     
   483  000000                     
   484  000000                     
   485  000000                     
   486  000000                     
   487  000000                     
   488  000000                     
   489  000000                     
   490  000000                     
   491  000000                     
   492  000000                     
   493  000000                     
   494  000000                     
   495  000000                     
   496  000000                     
   497  000000                     
   498  000000                     
   499  000000                     
   500  000000                     
   501  000000                     
   502  000000                     
   503  000000                     
   504  000000                     
   505  000000                     
   506  000000                     
   507  000000                     
   508  000000                     
   509  000000                     
   510  000000                     
   511  000000                     
   512  000000                     
   513  000000                     
   514  000000                     
   515  000000                     
   516  000000                     
   517  000000                     
   518  000000                     
   519  000000                     
   520  000000                     
   521  000000                     
   522  000000                     
   523  000000                     
   524  000000                     
   525  000000                     
   526  000000                     
   527  000000                     
   528  000000                     
   529  000000                     
   530  000000                     
   531  000000                     
   532  000000                     
   533  000000                     
   534  000000                     
   535  000000                     
   536  000000                     
   537  000000                     
   538  000000                     
   539  000000                     
   540  000000                     
   541  000000                     
   542  000000                     
   543  000000                     
   544  000000                     
   545  000000                     
   546  000000                     
   547  000000                     
   548  000000                     
   549  000000                     
   550  000000                     
   551  000000                     
   552  000000                     
   553  000000                     
   554  000000                     
   555  000000                     
   556  000000                     
   557  000000                     
   558  000000                     
   559  000000                     
   560  000000                     
   561  000000                     
   562  000000                     
   563  000000                     
   564  000000                     
   565  000000                     
   566  000000                     
   567  000000                     
   568  000000                     
   569  000000                     
   570  000000                     
   571  000000                     
   572  000000                     
   573  000000                     
   574  000000                     
   575  000000                     
   576  000000                     
   577  000000                     
   578  000000                     
   579  000000                     
   580  000000                     
   581  000000                     
   582  000000                     
   583  000000                     
   584  000000                     
   585  000000                     
   586  000000                     
   587  000000                     
   588  000000                     
   589  000000                     
   590  000000                     
   591  000000                     
   592  000000                     
   593  000000                     
   594  000000                     
   595  000000                     
   596  000000                     
   597  000000                     
   598  000000                     
   599  000000                     
   600  000000                     
   601  000000                     
   602  000000                     
   603  000000                     
   604  000000                     
   605  000000                     
   606  000000                     
   607  000000                     
   608  000000                     
   609  000000                     
   610  000000                     
   611  000000                     
   612  000000                     
   613  000000                     
   614  000000                     
   615  000000                     
   616  000000                     
   617  000000                     
   618  000000                     
   619  000000                     
   620  000000                     
   621  000000                     
   622  000000                     
   623  000000                     
   624  000000                     
   625  000000                     
   626  000000                     
   627  000000                     
   628  000000                     
   629  000000                     
   630  000000                     
   631  000000                     
   632  000000                     
   633  000000                     
   634  000000                     
   635  000000                     
   636  000000                     
   637  000000                     
   638  000000                     
   639  000000                     
   640  000000                     
   641  000000                     
   642  000000                     
   643  000000                     
   644  000000                     
   645  000000                     
   646  000000                     
   647  000000                     
   648  000000                     
   649  000000                     
   650  000000                     
   651  000000                     
   652  000000                     
   653  000000                     
   654  000000                     
   655  000000                     
   656  000000                     
   657  000000                     
   658  000000                     
   659  000000                     
   660  000000                     
   661  000000                     
   662  000000                     
   663  000000                     
   664  000000                     
   665  000000                     
   666  000000                     
   667  000000                     
   668  000000                     
   669  000000                     
   670  000000                     
   671  000000                     
   672  000000                     
   673  000000                     
   674  000000                     
   675  000000                     
   676  000000                     
   677  000000                     
   678  000000                     
   679  000000                     
   680  000000                     
   681  000000                     
   682  000000                     
   683  000000                     
   684  000000                     
   685  000000                     
   686  000000                     
   687  000000                     
   688  000000                     
   689  000000                     
   690  000000                     
   691  000000                     
   692  000000                     
   693  000000                     
   694  000000                     
   695  000000                     
   696  000000                     
   697  000000                     
   698  000000                     
   699  000000                     
   700  000000                     
   701  000000                     
   702  000000                     
   703  000000                     
   704  000000                     
   705  000000                     
   706  000000                     
   707  000000                     
   708  000000                     
   709  000000                     
   710  000000                     
   711  000000                     
   712  000000                     
   713  000000                     
   714  000000                     
   715  000000                     
   716  000000                     
   717  000000                     
   718  000000                     
   719  000000                     
   720  000000                     
   721  000000                     
   722  000000                     
   723  000000                     
   724  000000                     
   725  000000                     
   726  000000                     
   727  000000                     
   728  000000                     
   729  000000                     
   730  000000                     
   731  000000                     
   732  000000                     
   733  000000                     
   734  000000                     
   735  000000                     
   736  000000                     
   737                           
   738                           	psect	text
   739  000B96                     _UserInit:
   740  000000                     
   741                           ;user.c: 88: LATD &= 0xF0; TRISD &= 0xF0;;
   742  000B96  0EF0               	movlw	240
   743  000B98  168C               	andwf	3980,f,c	;volatile
   744  000B9A  1695               	andwf	3989,f,c	;volatile
   745                           ;user.c: 89: TRISBbits.TRISB4=1;TRISBbits.TRISB5
      +                          =1;;
   746  000B9C  8893               	bsf	-109,4,c	;volatile
   747  000B9E  8A93               	bsf	-109,5,c	;volatile
   748                           ;user.c: 90: old_sw2 = PORTBbits.RB4;
   749  000BA0  3881               	swapf	-127,w,c	;volatile
   750  000BA2  0B01               	andlw	1
   751  000BA4  CFE8 F37E          	movff	wreg,_old_sw2
   752                           ;user.c: 91: old_sw3 = PORTBbits.RB5;
   753  000BA8  3881               	swapf	-127,w,c	;volatile
   754  000BAA  6E00               	movwf	btemp
   755  000BAC  3000               	rrcf	btemp,w
   756  000BAE  0B01               	andlw	1
   757  000BB0  CFE8 F37F          	movff	wreg,_old_sw3
   758                           ;user.c: 93: InitTempSensor();
   759  000BB4  EC97  F007         	call	_InitTempSensor	;wreg free
   760                           ;user.c: 95: InitializeUSART();
   761                           ;user.c: 97: }
   762  000BB8                     _InitializeUSART:
   763  000000                     
   764                           ;user.c: 101: TRISCbits.TRISC7=1;
   765  000BB8  8E94               	bsf	-108,7,c	;volatile
   766                           ;user.c: 102: TRISCbits.TRISC6=0;
   767  000BBA  9C94               	bcf	-108,6,c	;volatile
   768                           ;user.c: 104: SPBRG = 0x71;
   769  000BBC  0E71               	movlw	113
   770  000BBE  6EAF               	movwf	4015,c
   771                           ;user.c: 105: SPBRGH = 0x02;
   772  000BC0  0E02               	movlw	2
   773  000BC2  6EB0               	movwf	4016,c
   774                           ;user.c: 106: TXSTA = 0x24;
   775  000BC4  0E24               	movlw	36
   776  000BC6  6EAC               	movwf	4012,c	;volatile
   777                           ;user.c: 107: RCSTA = 0x90;
   778  000BC8  0E90               	movlw	144
   779  000BCA  6EAB               	movwf	4011,c	;volatile
   780                           ;user.c: 108: BAUDCON = 0x08;
   781  000BCC  0E08               	movlw	8
   782  000BCE  6EB8               	movwf	4024,c	;volatile
   783                           ;user.c: 109: }
   784  000BD0  0012               	return	
   785  000BD2                     _ProcessIO:
   786  000000                     
   787                           ;user.c: 129: BlinkUSBStatus();
   788  000BD2  D87A               	call	_BlinkUSBStatus	;wreg free
   789                           ;user.c: 132: if((usb_device_state < 6)||(UCONbi
      +                          ts.SUSPND==1)) return;
   790  000BD4  0E06               	movlw	6
   791  000BD6  0103               	movlb	_usb_device_state shr (0+8)
   792  000BD8  617B               	cpfslt	_usb_device_state& (0+255),b
   793  000BDA  D001               	goto	u11
   794  000BDC  0012               	return	
   795  000BDE                     u11:
   796  000BDE  B26D               	btfsc	3949,1,c	;volatile
   797  000BE0  0012               	return	
   798                           ;user.c: 134: Exercise_Example();
   799  000BE2  D805               	call	_Exercise_Example	;wreg free
   800                           ;user.c: 136: Exercise_01();
   801  000BE4  D84C               	call	_Exercise_01	;wreg free
   802                           ;user.c: 137: Exercise_02();
   803  000BE6  D864               	call	_Exercise_02	;wreg free
   804                           ;user.c: 138: Exercise_03();
   805  000BE8  D864               	call	_Exercise_03	;wreg free
   806                           ;user.c: 139: Exercise_04();
   807  000BEA  D864               	call	_Exercise_04	;wreg free
   808                           ;user.c: 140: Exercise_05();
   809  000BEC  D064               	goto	_Exercise_05	;wreg free
   810                           ;user.c: 142: }
   811                           ;user.c: 144: void Exercise_Example(void)
   812                           ;user.c: 145: {
   813  000BEE                     _Exercise_Example:
   814  000000                     
   815                           ;user.c: 146: static byte start_up_state = 0;
   816  000BEE  0103               	movlb	F1873 shr (0+8)
   817  000BF0  537D               	movf	F1873& (0+255),f,b
   818  000BF2  A4D8               	btfss	status,2,c
   819  000BF4  D008               	goto	l83
   820                           ;user.c: 149: {
   821  000BF6  D8DA               	call	_Switch2IsPressed	;wreg free
   822  000BF8  0900               	iorlw	0
   823  000BFA  B4D8               	btfsc	status,2,c
   824  000BFC  0012               	return	
   825                           ;user.c: 151: start_up_state++;
   826  000BFE  0103               	movlb	F1873 shr (0+8)
   827  000C00  0E01               	movlw	1
   828  000C02  2B7D               	incf	F1873& (0+255),f,b
   829                           ;user.c: 152: }
   830                           ;user.c: 153: else if(start_up_state == 1)
   831  000C04  0012               	return	
   832  000C06                     l83:
   833  000C06  C37D  F000         	movff	F1873,btemp
   834  000C0A  0400               	decf	btemp,w
   835  000C0C  A4D8               	btfss	status,2,c
   836  000C0E  D00F               	goto	l86
   837                           ;user.c: 154: {
   838  000C10  0103               	movlb	_cdc_trf_state shr (0+8)
   839  000C12  5363               	movf	_cdc_trf_state& (0+255),f,b
   840  000C14  A4D8               	btfss	status,2,c
   841  000C16  0012               	return	
   842                           ;user.c: 156: {
   843  000C18  0100               	movlb	__Lparam shr (0+8)
   844  000C1A  0E07               	movlw	low _ansi_clrscr
   845  000C1C  6FFC               	movwf	?_putrsUSBUSART^(__Lparam& (0+65280))
   846  000C1E  0E05               	movlw	high _ansi_clrscr
   847  000C20  6FFD               	movwf	(?_putrsUSBUSART+1)^(__Lparam& (0+65280))
   848  000C22  ECA1  F003         	call	_putrsUSBUSART	;wreg free
   849                           ;user.c: 158: start_up_state++;
   850  000C26  0103               	movlb	F1873 shr (0+8)
   851  000C28  0E01               	movlw	1
   852  000C2A  2B7D               	incf	F1873& (0+255),f,b
   853                           ;user.c: 159: }
   854                           ;user.c: 161: else if(start_up_state == 2)
   855  000C2C  0012               	return	
   856  000C2E                     l86:
   857  000C2E  C37D  FFE8         	movff	F1873,wreg
   858  000C32  0A02               	xorlw	2
   859  000C34  A4D8               	btfss	status,2,c
   860  000C36  D00F               	goto	l89
   861                           ;user.c: 162: {
   862  000C38  0103               	movlb	_cdc_trf_state shr (0+8)
   863  000C3A  5363               	movf	_cdc_trf_state& (0+255),f,b
   864  000C3C  A4D8               	btfss	status,2,c
   865  000C3E  0012               	return	
   866                           ;user.c: 164: {
   867  000C40  0100               	movlb	__Lparam shr (0+8)
   868  000C42  0E2D               	movlw	low u19
   869  000C44  6FFC               	movwf	?_putrsUSBUSART^(__Lparam& (0+65280))
   870  000C46  0E05               	movlw	high u19
   871  000C48  6FFD               	movwf	(?_putrsUSBUSART+1)^(__Lparam& (0+65280))
   872  000C4A  ECA1  F003         	call	_putrsUSBUSART	;wreg free
   873                           ;user.c: 166: start_up_state++;
   874  000C4E  0103               	movlb	F1873 shr (0+8)
   875  000C50  0E01               	movlw	1
   876  000C52  2B7D               	incf	F1873& (0+255),f,b
   877                           ;user.c: 167: }
   878                           ;user.c: 169: else if(start_up_state == 3)
   879  000C54  0012               	return	
   880  000C56                     l89:
   881  000C56  C37D  FFE8         	movff	F1873,wreg
   882  000C5A  0A03               	xorlw	3
   883  000C5C  A4D8               	btfss	status,2,c
   884  000C5E  0012               	return	
   885                           ;user.c: 170: {
   886  000C60  0103               	movlb	_cdc_trf_state shr (0+8)
   887  000C62  5363               	movf	_cdc_trf_state& (0+255),f,b
   888  000C64  A4D8               	btfss	status,2,c
   889  000C66  0012               	return	
   890                           ;user.c: 172: {
   891  000C68  0100               	movlb	__Lparam shr (0+8)
   892  000C6A  0ECD               	movlw	low _welcome
   893  000C6C  6FFC               	movwf	?_putrsUSBUSART^(__Lparam& (0+65280))
   894  000C6E  0E04               	movlw	high _welcome
   895  000C70  6FFD               	movwf	(?_putrsUSBUSART+1)^(__Lparam& (0+65280))
   896  000C72  ECA1  F003         	call	_putrsUSBUSART	;wreg free
   897                           ;user.c: 174: start_up_state++;
   898  000C76  0103               	movlb	F1873 shr (0+8)
   899  000C78  0E01               	movlw	1
   900  000C7A  2B7D               	incf	F1873& (0+255),f,b
   901                           ;user.c: 175: }
   902                           ;user.c: 178: }
   903  000C7C  0012               	return	
   904                           ;user.c: 180: void Exercise_01(void)
   905                           ;user.c: 181: {
   906  000C7E                     _Exercise_01:
   907  000000                     
   908                           ;user.c: 198: static word send_count=0;
   909  000C7E  0100               	movlb	F1875 shr (0+8)
   910  000C80  51E7               	movf	F1875& (0+255),w,b
   911  000C82  11E8               	iorwf	(F1875+1)& (0+255),w,b
   912  000C84  A4D8               	btfss	status,2,c
   913  000C86  D00F               	goto	l95
   914                           ;user.c: 201: {
   915  000C88  0E10               	movlw	16
   916  000C8A  6FE7               	movwf	F1875& (0+255),b
   917  000C8C  0E27               	movlw	39
   918  000C8E  6FE8               	movwf	(F1875+1)& (0+255),b
   919                           ;user.c: 203: if((cdc_trf_state == 0))
   920  000C90  0103               	movlb	_cdc_trf_state shr (0+8)
   921  000C92  5363               	movf	_cdc_trf_state& (0+255),f,b
   922  000C94  A4D8               	btfss	status,2,c
   923  000C96  0012               	return	
   924                           ;user.c: 204: {
   925  000C98  0100               	movlb	__Lparam shr (0+8)
   926  000C9A  0E25               	movlw	low u29
   927  000C9C  6FFC               	movwf	?_putrsUSBUSART^(__Lparam& (0+65280))
   928  000C9E  0E05               	movlw	high u29
   929  000CA0  6FFD               	movwf	(?_putrsUSBUSART+1)^(__Lparam& (0+65280))
   930  000CA2  EFA1  F003         	goto	_putrsUSBUSART	;wreg free
   931                           ;user.c: 206: }
   932                           ;user.c: 208: else {
   933  000CA6                     l95:
   934                           ;user.c: 209: send_count--;
   935  000CA6  0100               	movlb	F1875 shr (0+8)
   936  000CA8  07E7               	decf	F1875& (0+255),f,b
   937  000CAA  0E00               	movlw	0
   938  000CAC  5BE8               	subwfb	(F1875+1)& (0+255),f,b
   939                           ;user.c: 210: }
   940                           ;user.c: 212: }
   941  000CAE  0012               	return	
   942                           ;user.c: 215: void Exercise_02(void)
   943                           ;user.c: 216: {
   944  000CB0                     _Exercise_02:
   945  000000                     
   946                           ;user.c: 239: }
   947  000CB0  0012               	return	
   948                           ;user.c: 241: void Exercise_03(void)
   949                           ;user.c: 242: {
   950  000CB2                     _Exercise_03:
   951  000000                     
   952                           ;user.c: 258: }
   953  000CB2  0012               	return	
   954                           ;user.c: 260: void Exercise_04(void)
   955                           ;user.c: 261: {
   956  000CB4                     _Exercise_04:
   957  000000                     
   958                           ;user.c: 286: }
   959  000CB4  0012               	return	
   960                           ;user.c: 288: void Exercise_05(void)
   961                           ;user.c: 289: {
   962  000CB6                     _Exercise_05:
   963  000000                     
   964                           ;user.c: 322: static word ex05_count;
   965  000CB6  0100               	movlb	F1881 shr (0+8)
   966  000CB8  51E9               	movf	F1881& (0+255),w,b
   967  000CBA  11EA               	iorwf	(F1881+1)& (0+255),w,b
   968  000CBC  B4D8               	btfsc	status,2,c
   969  000CBE  0012               	return	
   970                           ;user.c: 325: {
   971                           ;user.c: 338: ex05_count--;
   972  000CC0  07E9               	decf	F1881& (0+255),f,b
   973  000CC2  0E00               	movlw	0
   974  000CC4  5BEA               	subwfb	(F1881+1)& (0+255),f,b
   975                           ;user.c: 340: }
   976  000CC6  0012               	return	
   977                           ;user.c: 360: void BlinkUSBStatus(void)
   978                           ;user.c: 361: {
   979  000CC8                     _BlinkUSBStatus:
   980  000000                     
   981                           ;user.c: 362: static word led_count=0;
   982  000CC8  0100               	movlb	F1883 shr (0+8)
   983  000CCA  51EB               	movf	F1883& (0+255),w,b
   984  000CCC  11EC               	iorwf	(F1883+1)& (0+255),w,b
   985  000CCE  A4D8               	btfss	status,2,c
   986  000CD0  D004               	goto	l105
   987  000CD2  0E10               	movlw	16
   988  000CD4  6FEB               	movwf	F1883& (0+255),b
   989  000CD6  0E27               	movlw	39
   990  000CD8  6FEC               	movwf	(F1883+1)& (0+255),b
   991  000CDA                     l105:
   992                           ;user.c: 365: led_count--;
   993  000CDA  0100               	movlb	F1883 shr (0+8)
   994  000CDC  07EB               	decf	F1883& (0+255),f,b
   995  000CDE  0E00               	movlw	0
   996  000CE0  5BEC               	subwfb	(F1883+1)& (0+255),f,b
   997                           ;user.c: 372: if(UCONbits.SUSPND == 1)
   998  000CE2  A26D               	btfss	3949,1,c	;volatile
   999  000CE4  D011               	goto	l106
  1000                           ;user.c: 373: {
  1001  000CE6  51EB               	movf	F1883& (0+255),w,b
  1002  000CE8  11EC               	iorwf	(F1883+1)& (0+255),w,b
  1003  000CEA  A4D8               	btfss	status,2,c
  1004  000CEC  0012               	return	
  1005                           ;user.c: 375: {
  1006  000CEE  0E00               	movlw	0
  1007  000CF0  A08C               	btfss	-116,0,c	;volatile
  1008  000CF2  0E01               	movlw	1
  1009  000CF4  6E00               	movwf	btemp
  1010  000CF6  508C               	movf	-116,w,c	;volatile
  1011  000CF8  1800               	xorwf	btemp,w
  1012  000CFA  0BFE               	andlw	-2
  1013  000CFC  1800               	xorwf	btemp,w
  1014  000CFE  6E8C               	movwf	-116,c	;volatile
  1015                           ;user.c: 377: LATDbits.LATD1 = LATDbits.LATD0;
  1016  000D00  928C               	bcf	-116,1,c	;volatile
  1017  000D02  B08C               	btfsc	-116,0,c	;volatile
  1018  000D04  828C               	bsf	-116,1,c	;volatile
  1019                           ;user.c: 378: }
  1020                           ;user.c: 380: else
  1021  000D06  0012               	return	
  1022  000D08                     l106:
  1023                           ;user.c: 381: {
  1024  000D08  0103               	movlb	_usb_device_state shr (0+8)
  1025  000D0A  537B               	movf	_usb_device_state& (0+255),f,b
  1026  000D0C  A4D8               	btfss	status,2,c
  1027  000D0E  D003               	goto	l109
  1028                           ;user.c: 383: {
  1029  000D10  908C               	bcf	-116,0,c	;volatile
  1030  000D12  928C               	bcf	-116,1,c	;volatile
  1031                           ;user.c: 385: }
  1032  000D14  0012               	return	
  1033  000D16                     l109:
  1034  000D16  C37B  F000         	movff	_usb_device_state,btemp
  1035  000D1A  0400               	decf	btemp,w
  1036  000D1C  A4D8               	btfss	status,2,c
  1037  000D1E  D003               	goto	l111
  1038                           ;user.c: 387: {
  1039  000D20  808C               	bsf	-116,0,c	;volatile
  1040  000D22  828C               	bsf	-116,1,c	;volatile
  1041                           ;user.c: 389: }
  1042  000D24  0012               	return	
  1043  000D26                     l111:
  1044  000D26  C37B  FFE8         	movff	_usb_device_state,wreg
  1045  000D2A  0A02               	xorlw	2
  1046  000D2C  A4D8               	btfss	status,2,c
  1047  000D2E  D003               	goto	l113
  1048                           ;user.c: 391: {
  1049  000D30  808C               	bsf	-116,0,c	;volatile
  1050  000D32  928C               	bcf	-116,1,c	;volatile
  1051                           ;user.c: 393: }
  1052  000D34  0012               	return	
  1053  000D36                     l113:
  1054  000D36  C37B  FFE8         	movff	_usb_device_state,wreg
  1055  000D3A  0A03               	xorlw	3
  1056  000D3C  A4D8               	btfss	status,2,c
  1057  000D3E  D003               	goto	l115
  1058                           ;user.c: 395: {
  1059  000D40  908C               	bcf	-116,0,c	;volatile
  1060  000D42  828C               	bsf	-116,1,c	;volatile
  1061                           ;user.c: 397: }
  1062  000D44  0012               	return	
  1063  000D46                     l115:
  1064  000D46  C37B  FFE8         	movff	_usb_device_state,wreg
  1065  000D4A  0A05               	xorlw	5
  1066  000D4C  A4D8               	btfss	status,2,c
  1067  000D4E  D010               	goto	l117
  1068                           ;user.c: 399: {
  1069  000D50  0100               	movlb	F1883 shr (0+8)
  1070  000D52  51EB               	movf	F1883& (0+255),w,b
  1071  000D54  11EC               	iorwf	(F1883+1)& (0+255),w,b
  1072  000D56  A4D8               	btfss	status,2,c
  1073  000D58  0012               	return	
  1074                           ;user.c: 401: {
  1075  000D5A  0E00               	movlw	0
  1076  000D5C  A08C               	btfss	-116,0,c	;volatile
  1077  000D5E  0E01               	movlw	1
  1078  000D60  6E00               	movwf	btemp
  1079  000D62  508C               	movf	-116,w,c	;volatile
  1080  000D64  1800               	xorwf	btemp,w
  1081  000D66  0BFE               	andlw	-2
  1082  000D68  1800               	xorwf	btemp,w
  1083  000D6A  6E8C               	movwf	-116,c	;volatile
  1084                           ;user.c: 403: LATDbits.LATD1 = 0;;
  1085  000D6C  928C               	bcf	-116,1,c	;volatile
  1086                           ;user.c: 404: }
  1087                           ;user.c: 406: else if(usb_device_state == 6)
  1088  000D6E  0012               	return	
  1089  000D70                     l117:
  1090  000D70  C37B  FFE8         	movff	_usb_device_state,wreg
  1091  000D74  0A06               	xorlw	6
  1092  000D76  A4D8               	btfss	status,2,c
  1093  000D78  0012               	return	
  1094                           ;user.c: 407: {
  1095  000D7A  0100               	movlb	F1883 shr (0+8)
  1096  000D7C  51EB               	movf	F1883& (0+255),w,b
  1097  000D7E  11EC               	iorwf	(F1883+1)& (0+255),w,b
  1098  000D80  A4D8               	btfss	status,2,c
  1099  000D82  0012               	return	
  1100                           ;user.c: 409: {
  1101  000D84  0E00               	movlw	0
  1102  000D86  A08C               	btfss	-116,0,c	;volatile
  1103  000D88  0E01               	movlw	1
  1104  000D8A  6E00               	movwf	btemp
  1105  000D8C  508C               	movf	-116,w,c	;volatile
  1106  000D8E  1800               	xorwf	btemp,w
  1107  000D90  0BFE               	andlw	-2
  1108  000D92  1800               	xorwf	btemp,w
  1109  000D94  6E8C               	movwf	-116,c	;volatile
  1110                           ;user.c: 411: LATDbits.LATD1 = !LATDbits.LATD0;
  1111  000D96  0E00               	movlw	0
  1112  000D98  A08C               	btfss	-116,0,c	;volatile
  1113  000D9A  0E01               	movlw	1
  1114  000D9C  6E00               	movwf	btemp
  1115  000D9E  3600               	rlcf	btemp,f
  1116  000DA0  508C               	movf	-116,w,c	;volatile
  1117  000DA2  1800               	xorwf	btemp,w
  1118  000DA4  0BFD               	andlw	-3
  1119  000DA6  1800               	xorwf	btemp,w
  1120  000DA8  6E8C               	movwf	-116,c	;volatile
  1121                           ;user.c: 412: }
  1122                           ;user.c: 414: }
  1123                           ;user.c: 416: }
  1124  000DAA  0012               	return	
  1125                           ;user.c: 418: BOOL Switch2IsPressed(void)
  1126                           ;user.c: 419: {
  1127  000DAC                     _Switch2IsPressed:
  1128  000000                     
  1129                           ;user.c: 420: if(PORTBbits.RB4 != old_sw2)
  1130  000DAC  3881               	swapf	-127,w,c	;volatile
  1131  000DAE  0B01               	andlw	1
  1132  000DB0  0103               	movlb	_old_sw2 shr (0+8)
  1133  000DB2  197E               	xorwf	_old_sw2& (0+255),w,b
  1134  000DB4  B4D8               	btfsc	status,2,c
  1135  000DB6  0C00               	retlw	0
  1136                           ;user.c: 421: {
  1137  000DB8  3881               	swapf	-127,w,c	;volatile
  1138  000DBA  0B01               	andlw	1
  1139  000DBC  CFE8 F37E          	movff	wreg,_old_sw2
  1140                           ;user.c: 423: if(PORTBbits.RB4 == 0)
  1141  000DC0  A881               	btfss	-127,4,c	;volatile
  1142                           ;user.c: 424: return TRUE;
  1143  000DC2  0C01               	retlw	1
  1144                           ;user.c: 426: return FALSE;
  1145  000DC4  0C00               	retlw	0
  1146                           ;user.c: 427: }
  1147                           ;user.c: 429: BOOL Switch3IsPressed(void)
  1148                           ;user.c: 430: {
  1149  000DC6                     _Switch3IsPressed:
  1150  000000                     
  1151                           ;user.c: 431: if(PORTBbits.RB5 != old_sw3)
  1152  000DC6  3881               	swapf	-127,w,c	;volatile
  1153  000DC8  6E00               	movwf	btemp
  1154  000DCA  3000               	rrcf	btemp,w
  1155  000DCC  0B01               	andlw	1
  1156  000DCE  0103               	movlb	_old_sw3 shr (0+8)
  1157  000DD0  197F               	xorwf	_old_sw3& (0+255),w,b
  1158  000DD2  B4D8               	btfsc	status,2,c
  1159  000DD4  0C00               	retlw	0
  1160                           ;user.c: 432: {
  1161  000DD6  3881               	swapf	-127,w,c	;volatile
  1162  000DD8  6E00               	movwf	btemp
  1163  000DDA  3000               	rrcf	btemp,w
  1164  000DDC  0B01               	andlw	1
  1165  000DDE  CFE8 F37F          	movff	wreg,_old_sw3
  1166                           ;user.c: 434: if(PORTBbits.RB5 == 0)
  1167  000DE2  AA81               	btfss	-127,5,c	;volatile
  1168                           ;user.c: 435: return TRUE;
  1169  000DE4  0C01               	retlw	1
  1170                           ;user.c: 437: return FALSE;
  1171  000DE6  0C00               	retlw	0
  1172                           
  1173                           	psect	bigbss
  1174  00037D                     F1873:
  1175  00037D                     	ds	1
  1176  000000                     
  1177  000000                     
  1178  000000                     
  1179  000000                     
  1180  000000                     
  1181  000000                     
  1182  000000                     
  1183  000000                     
  1184  000000                     
  1185  000000                     
  1186  000000                     
  1187  000000                     
  1188  000000                     
  1189  000000                     
  1190  000000                     
  1191  000000                     
  1192  000000                     
  1193  000000                     
  1194  000000                     
  1195  000000                     
  1196  000000                     
  1197  000000                     
  1198  000000                     
  1199  000000                     
  1200  000000                     
  1201  000000                     
  1202  000000                     
  1203  000000                     
  1204  000000                     
  1205  000000                     
  1206  000000                     
  1207  000000                     
  1208  000000                     
  1209  000000                     
  1210  000000                     
  1211  000000                     
  1212  000000                     
  1213  000000                     
  1214  000000                     
  1215  000000                     
  1216  000000                     
  1217  000000                     
  1218  000000                     
  1219  000000                     
  1220  000000                     
  1221  000000                     
  1222  000000                     
  1223  000000                     
  1224  000000                     
  1225  000000                     
  1226  000000                     
  1227  000000                     
  1228  000000                     
  1229  000000                     
  1230  000000                     
  1231  000000                     
  1232  000000                     
  1233  000000                     
  1234  000000                     
  1235  000000                     
  1236  000000                     
  1237  000000                     
  1238  000000                     
  1239  000000                     
  1240  000000                     
  1241  000000                     
  1242  000000                     
  1243  000000                     
  1244  000000                     
  1245  000000                     
  1246  000000                     
  1247  000000                     
  1248  000000                     
  1249  000000                     
  1250  000000                     
  1251  000000                     
  1252  000000                     
  1253  000000                     
  1254  000000                     
  1255  000000                     
  1256  000000                     
  1257  000000                     
  1258  000000                     
  1259  000000                     
  1260  000000                     
  1261  000000                     
  1262  000000                     
  1263  000000                     
  1264  000000                     
  1265  000000                     
  1266  000000                     
  1267  000000                     
  1268  000000                     
  1269  000000                     
  1270  000000                     
  1271  000000                     
  1272  000000                     
  1273  000000                     
  1274  000000                     
  1275  000000                     
  1276  000000                     
  1277  000000                     
  1278  000000                     
  1279  000000                     
  1280  000000                     
  1281  000000                     
  1282  000000                     
  1283  000000                     
  1284  000000                     
  1285  000000                     
  1286  000000                     
  1287  000000                     
  1288  000000                     
  1289  000000                     
  1290  000000                     
  1291  000000                     
  1292  000000                     
  1293  000000                     
  1294  000000                     
  1295  000000                     
  1296  000000                     
  1297  000000                     
  1298  000000                     
  1299  000000                     
  1300  000000                     
  1301  000000                     
  1302  000000                     
  1303  000000                     
  1304  000000                     
  1305  000000                     
  1306  000000                     
  1307  000000                     
  1308  000000                     
  1309  000000                     
  1310  000000                     
  1311  000000                     
  1312  000000                     
  1313  000000                     
  1314  000000                     
  1315  000000                     
  1316  000000                     
  1317  000000                     
  1318  000000                     
  1319  000000                     
  1320  000000                     
  1321  000000                     
  1322  000000                     
  1323  000000                     
  1324  000000                     
  1325  000000                     
  1326  000000                     
  1327  000000                     
  1328  000000                     
  1329  000000                     
  1330  000000                     
  1331  000000                     
  1332  000000                     
  1333  000000                     
  1334  000000                     
  1335  000000                     
  1336  000000                     
  1337  000000                     
  1338  00037D                     _old_sw2:
  1339  00037D                     	ds	1
  1340  00037D                     _old_sw3:
  1341  00037D                     	ds	1
  1342  00037D                     _input_buffer:
  1343  00037D                     	ds	64
  1344  00037D                     _output_buffer:
  1345  00037D                     	ds	64
  1346                           
  1347                           	psect	bss
  1348  0000E7                     F1875:
  1349  0000E7                     	ds	2
  1350  0000E7                     F1881:
  1351  0000E7                     	ds	2
  1352  0000E7                     F1883:
  1353  0000E7                     	ds	2
  1354  000000                     
  1355  000000                     
  1356  000000                     
  1357  000000                     
  1358  000000                     
  1359  000000                     
  1360  000000                     
  1361  000000                     
  1362  000000                     
  1363  000000                     
  1364  000000                     
  1365  000000                     
  1366  000000                     
  1367                           
  1368                           	psect	temp
  1369  000000                     btemp:
  1370  000000                     	ds	1
  1371                           wreg	equ	0xFE8
  1372                           status	equ	0xFD8


HI-TECH Software PICC-18 Macro Assembler V8.35PL3
Symbol Table                                           Wed Jun 15 13:32:23 2005

    ?_putrsUSBUSART 00FC                  l83 0C06  
                l86 0C2E                  l95 0CA6  
                l89 0C56                  u11 0BDE  
                u19 052D                  u29 0525  
          _UserInit 0B96           _ProcessIO 0BD2  
               l111 0D26                 l113 0D36  
               l105 0CDA                 l106 0D08  
               l115 0D46                 l117 0D70  
               l109 0D16                 wreg 000FE8  
              F1881 00E9                F1873 037D  
              F1883 00EB                F1875 00E7  
  _Switch2IsPressed 0DAC    _Switch3IsPressed 0DC6  
              btemp 0000            clear_big 0018  
          clear_bss 0024    _usb_device_state 037B  
    _BlinkUSBStatus 0CC8    _Exercise_Example 0BEE  
       _ansi_clrscr 0507          used_btemp0 0001  
             status 000FD8         _ex02_string 050C  
     _putrsUSBUSART 0742             __Lparam 00FC  
           __ramtop 0400     _InitializeUSART 0BB8  
           _old_sw2 037E             _old_sw3 037F  
     _output_buffer 03C0             _welcome 04CD  
    _InitTempSensor 0F2E       _cdc_trf_state 0363  
       _Exercise_01 0C7E         _Exercise_02 0CB0  
       _Exercise_03 0CB2         _Exercise_04 0CB4  
       _Exercise_05 0CB6        _input_buffer 0380  
